// Jest Snapshot v1, https://goo.gl/fbAQLP

exports[`Head renders a Head 1`] = `<div />`;
